[educationinclusivity.org/index.html]
[backblue.gif]
[fade.gif]
[index.html]
[educationinclusivity.org/comments/feed/index.html]
[educationinclusivity.org/feed/index.html]
[educationinclusivity.org/wp-content/uploads/blocksy/css/global885f885f.css]
[educationinclusivity.org/wp-content/plugins/embed-pdf-viewer/css/embed-pdf-viewerb6a4b6a4.css]
[educationinclusivity.org/wp-content/plugins/elementor/assets/css/frontend-lite.mina3bea3be.css]
[educationinclusivity.org/wp-content/uploads/elementor/css/post-1826a5b6a5b.css]
[educationinclusivity.org/wp-includes/css/dist/block-library/style.minb6a4b6a4.css]
[educationinclusivity.org/wp-includes/css/dist/components/style.minb6a4b6a4.css]
[educationinclusivity.org/wp-includes/css/dist/preferences/style.minb6a4b6a4.css]
[educationinclusivity.org/wp-includes/css/dist/block-editor/style.minb6a4b6a4.css]
[educationinclusivity.org/wp-includes/css/dist/reusable-blocks/style.minb6a4b6a4.css]
[educationinclusivity.org/wp-includes/css/dist/patterns/style.minb6a4b6a4.css]
[educationinclusivity.org/wp-includes/css/dist/editor/style.minb6a4b6a4.css]
[educationinclusivity.org/wp-content/plugins/embedpress/Gutenberg/dist/blocks.style.build8ba28ba2.css]
[educationinclusivity.org/wp-content/plugins/embedpress/assets/css/embedpressb6a4b6a4.css]
[educationinclusivity.org/wp-content/plugins/elementskit-lite/modules/elementskit-icon-pack/assets/css/ekiticons459e459e.css]
[educationinclusivity.org/wp-content/plugins/elementor/assets/lib/eicons/css/elementor-icons.min3b943b94.css]
[educationinclusivity.org/wp-content/plugins/elementor/assets/lib/swiper/v8/css/swiper.min94a494a4.css]
[educationinclusivity.org/wp-content/uploads/elementor/css/post-15447304730.css]
[educationinclusivity.org/wp-content/plugins/embedpress/assets/css/embedpress-elementor3fd03fd0.css]
[educationinclusivity.org/wp-content/uploads/elementor/css/post-16946ad46ad.css]
[educationinclusivity.org/wp-includes/css/dashicons.minb6a4b6a4.css]
[educationinclusivity.org/wp-content/plugins/embedpress/assets/css/plyrb6a4b6a4.css]
[educationinclusivity.org/wp-content/themes/blocksy/static/bundle/main.min68d768d7.css]
[educationinclusivity.org/wp-content/themes/blocksy/static/bundle/back-to-top.min68d768d7.css]
[educationinclusivity.org/wp-content/themes/blocksy/static/bundle/elementor-frontend.min68d768d7.css]
[educationinclusivity.org/wp-content/plugins/elementskit-lite/widgets/init/assets/css/widget-styles459e459e.css]
[educationinclusivity.org/wp-content/plugins/elementskit-lite/widgets/init/assets/css/responsive459e459e.css]
[educationinclusivity.org/wp-content/plugins/elementor/assets/lib/font-awesome/css/fontawesome.min52d552d5.css]
[educationinclusivity.org/wp-content/plugins/elementor/assets/lib/font-awesome/css/brands.min52d552d5.css]
[educationinclusivity.org/wp-content/plugins/elementor/assets/lib/font-awesome/css/solid.min52d552d5.css]
[educationinclusivity.org/wp-content/plugins/elementor/assets/lib/font-awesome/css/regular.min52d552d5.css]
[educationinclusivity.org/wp-includes/js/jquery/jquery.minf43bf43b.js]
[educationinclusivity.org/wp-includes/js/jquery/jquery-migrate.min55895589.js]
[educationinclusivity.org/wp-content/plugins/embedpress/assets/js/plyr.polyfilled68b368b3.js]
[educationinclusivity.org/wp-json/index.html]
[educationinclusivity.org/wp-json/wp/v2/pages/169.json]
[educationinclusivity.org/index-2.html]
[educationinclusivity.org/wp-json/oembed/1.0/embed72797279.json]
[educationinclusivity.org/about/index.html]
[educationinclusivity.org/photo-gallery/index.html]
[educationinclusivity.org/contact/index.html]
[educationinclusivity.org/wp-content/uploads/2024/01/5.jpg]
[educationinclusivity.org/wp-content/plugins/elementor/assets/lib/animations/animations.mina3bea3be.css]
[educationinclusivity.org/wp-content/plugins/embedpress/assets/js/pdfobject.min3fd03fd0.js]
[educationinclusivity.org/wp-content/plugins/embedpress/assets/js/initplyr3fd03fd0.js]
[educationinclusivity.org/wp-content/plugins/embedpress/assets/js/front3fd03fd0.js]
[educationinclusivity.org/wp-content/plugins/embedpress/assets/js/documents-viewer-script3fd03fd0.js]
[educationinclusivity.org/wp-content/plugins/elementskit-lite/libs/framework/assets/js/frontend-script459e459e.js]
[educationinclusivity.org/wp-content/plugins/elementskit-lite/widgets/init/assets/js/widget-scripts459e459e.js]
[educationinclusivity.org/wp-content/themes/blocksy/static/bundle/main68d768d7.js]
[educationinclusivity.org/wp-content/plugins/elementor/assets/js/webpack.runtime.mina3bea3be.js]
[educationinclusivity.org/wp-content/plugins/elementor/assets/js/frontend-modules.mina3bea3be.js]
[educationinclusivity.org/wp-content/plugins/elementor/assets/lib/waypoints/waypoints.min05da05da.js]
[educationinclusivity.org/wp-includes/js/jquery/ui/core.minb37eb37e.js]
[educationinclusivity.org/wp-content/plugins/elementor/assets/js/frontend.mina3bea3be.js]
[educationinclusivity.org/wp-content/plugins/elementskit-lite/widgets/init/assets/js/animate-circle.min459e459e.js]
[educationinclusivity.org/index.html]
[educationinclusivity.org/feed/index.html]
[educationinclusivity.org/wp-content/plugins/elementskit-lite/widgets/init/assets/js/elementor459e459e.js]
[educationinclusivity.org/comments/feed/index.html]
[educationinclusivity.org/wp-content/uploads/blocksy/css/global885f885f.css]
[educationinclusivity.org/wp-content/plugins/embed-pdf-viewer/css/embed-pdf-viewerb6a4b6a4.css]
[educationinclusivity.org/wp-content/plugins/elementor/assets/css/frontend-lite.mina3bea3be.css]
[educationinclusivity.org/wp-content/uploads/elementor/css/post-1826a5b6a5b.css]
[educationinclusivity.org/wp-includes/css/dist/block-library/style.minb6a4b6a4.css]
[educationinclusivity.org/wp-includes/css/dist/components/style.minb6a4b6a4.css]
[educationinclusivity.org/wp-includes/css/dist/preferences/style.minb6a4b6a4.css]
[educationinclusivity.org/wp-includes/css/dist/block-editor/style.minb6a4b6a4.css]
[educationinclusivity.org/wp-includes/css/dist/reusable-blocks/style.minb6a4b6a4.css]
[educationinclusivity.org/wp-includes/css/dist/patterns/style.minb6a4b6a4.css]
[educationinclusivity.org/wp-includes/css/dist/editor/style.minb6a4b6a4.css]
[educationinclusivity.org/wp-content/plugins/algori-pdf-viewer/dist/blocks.style.build.css]
[educationinclusivity.org/wp-content/plugins/embedpress/Gutenberg/dist/blocks.style.build8ba28ba2.css]
[educationinclusivity.org/wp-content/plugins/embedpress/assets/css/embedpressb6a4b6a4.css]
[educationinclusivity.org/wp-content/plugins/elementskit-lite/modules/elementskit-icon-pack/assets/fonts/elementskit97ac97ac.woff]
[educationinclusivity.org/wp-content/plugins/elementskit-lite/modules/elementskit-icon-pack/assets/css/ekiticons459e459e.css]
[educationinclusivity.org/wp-content/plugins/elementor/assets/lib/eicons/fonts/eiconsd6bbd6bb.eot]
[educationinclusivity.org/wp-content/plugins/elementor/assets/lib/eicons/fonts/eiconsd6bbd6bb.woff2]
[educationinclusivity.org/wp-content/plugins/elementor/assets/lib/eicons/fonts/eiconsd6bbd6bb.woff]
[educationinclusivity.org/wp-content/plugins/elementor/assets/lib/eicons/css/elementor-icons.min3b943b94.css]
[educationinclusivity.org/wp-content/plugins/elementor/assets/lib/swiper/v8/css/swiper.min94a494a4.css]
[educationinclusivity.org/wp-content/uploads/elementor/css/post-15447304730.css]
[educationinclusivity.org/wp-content/plugins/embedpress/assets/css/embedpress-elementor3fd03fd0.css]
[educationinclusivity.org/wp-content/plugins/elementor/assets/lib/eicons/fonts/eiconsd6bbd6bb.ttf]
[educationinclusivity.org/wp-content/plugins/elementor/assets/lib/eicons/fonts/eiconsd6bbd6bb.svg]
[educationinclusivity.org/wp-content/uploads/2024/01/11.jpg]
[educationinclusivity.org/wp-content/uploads/2024/01/18.jpg]
[educationinclusivity.org/wp-content/uploads/2024/01/1.jpg]
[educationinclusivity.org/wp-content/uploads/2024/01/14.jpg]
[educationinclusivity.org/wp-content/uploads/2024/01/6.jpg]
[educationinclusivity.org/wp-content/uploads/elementor/css/post-16946ad46ad.css]
[educationinclusivity.org/wp-includes/fonts/dashicons7d4b7d4b.eot]
[educationinclusivity.org/wp-includes/css/dashicons.minb6a4b6a4.css]
[educationinclusivity.org/wp-content/plugins/embedpress/assets/css/plyrb6a4b6a4.css]
[educationinclusivity.org/wp-includes/fonts/dashicons7d4b7d4b.ttf]
[educationinclusivity.org/wp-content/themes/blocksy/static/fonts/stars.woff2]
[educationinclusivity.org/wp-content/themes/blocksy/static/bundle/main.min68d768d7.css]
[educationinclusivity.org/wp-content/themes/blocksy/static/bundle/back-to-top.min68d768d7.css]
[educationinclusivity.org/wp-content/themes/blocksy/static/bundle/elementor-frontend.min68d768d7.css]
[educationinclusivity.org/wp-content/plugins/elementskit-lite/widgets/init/assets/img/arrow.png]
[educationinclusivity.org/wp-content/plugins/elementskit-lite/widgets/init/assets/img/sort_asc.png]
[educationinclusivity.org/wp-content/plugins/elementskit-lite/widgets/init/assets/img/sort_desc.png]
[educationinclusivity.org/wp-content/plugins/elementskit-lite/widgets/init/assets/img/sort_asc_disabled.png]
[educationinclusivity.org/wp-content/plugins/elementskit-lite/widgets/init/assets/img/cross-out.svg]
[educationinclusivity.org/wp-content/plugins/elementskit-lite/widgets/init/assets/css/widget-styles459e459e.css]
[educationinclusivity.org/wp-content/plugins/elementskit-lite/widgets/init/assets/css/responsive459e459e.css]
[educationinclusivity.org/wp-content/plugins/elementor/assets/lib/font-awesome/css/fontawesome.min52d552d5.css]
[educationinclusivity.org/wp-content/plugins/elementor/assets/lib/font-awesome/webfonts/fa-brands-400.eot]
[educationinclusivity.org/wp-content/plugins/elementor/assets/lib/font-awesome/webfonts/fa-brands-400.woff2]
[educationinclusivity.org/wp-content/plugins/elementor/assets/lib/font-awesome/webfonts/fa-brands-400d41dd41d.eot]
[educationinclusivity.org/wp-content/plugins/elementor/assets/lib/font-awesome/webfonts/fa-brands-400.woff]
[educationinclusivity.org/wp-content/plugins/elementor/assets/lib/font-awesome/webfonts/fa-brands-400.ttf]
[educationinclusivity.org/wp-content/plugins/elementor/assets/lib/font-awesome/css/brands.min52d552d5.css]
[educationinclusivity.org/wp-content/plugins/elementor/assets/lib/font-awesome/webfonts/fa-brands-400.svg]
[educationinclusivity.org/wp-content/plugins/elementor/assets/lib/font-awesome/webfonts/fa-solid-900.eot]
[educationinclusivity.org/wp-content/plugins/elementor/assets/lib/font-awesome/webfonts/fa-solid-900d41dd41d.eot]
[educationinclusivity.org/wp-content/plugins/elementor/assets/lib/font-awesome/webfonts/fa-solid-900.woff2]
[educationinclusivity.org/wp-content/plugins/elementor/assets/lib/font-awesome/webfonts/fa-solid-900.woff]
[educationinclusivity.org/wp-content/plugins/elementor/assets/lib/font-awesome/css/solid.min52d552d5.css]
[educationinclusivity.org/wp-content/plugins/elementor/assets/lib/font-awesome/webfonts/fa-solid-900.ttf]
[educationinclusivity.org/wp-content/plugins/elementor/assets/lib/font-awesome/webfonts/fa-solid-900.svg]
[educationinclusivity.org/wp-content/plugins/elementor/assets/lib/font-awesome/webfonts/fa-regular-400.eot]
[educationinclusivity.org/wp-content/plugins/elementor/assets/lib/font-awesome/webfonts/fa-regular-400d41dd41d.eot]
[educationinclusivity.org/wp-content/plugins/elementor/assets/lib/font-awesome/webfonts/fa-regular-400.woff2]
[educationinclusivity.org/wp-content/plugins/elementor/assets/lib/font-awesome/webfonts/fa-regular-400.woff]
[educationinclusivity.org/wp-content/plugins/elementor/assets/lib/font-awesome/webfonts/fa-regular-400.ttf]
[educationinclusivity.org/wp-content/plugins/elementor/assets/lib/font-awesome/css/regular.min52d552d5.css]
[educationinclusivity.org/wp-json/index.html]
[educationinclusivity.org/index-2.html]
[educationinclusivity.org/wp-json/oembed/1.0/embed48fd48fd.html]
[educationinclusivity.org/wp-content/themes/blocksy/static/bundle/no-scripts.min.css]
[educationinclusivity.org/wp-content/plugins/elementor/assets/lib/font-awesome/webfonts/fa-regular-400.svg]
[educationinclusivity.org/wp-content/uploads/elementor/css/post-17da42da42.css]
[educationinclusivity.org/wp-json/wp/v2/pages/17.json]
[educationinclusivity.org/indexd8ebd8eb.html]
[educationinclusivity.org/wp-json/oembed/1.0/embedcc2acc2a.json]
[educationinclusivity.org/wp-content/uploads/2024/01/8.jpg]
[educationinclusivity.org/wp-content/uploads/2024/01/7.jpg]
[educationinclusivity.org/about/index.html]
[educationinclusivity.org/wp-content/uploads/elementor/css/post-498fe03fe03.css]
[educationinclusivity.org/wp-json/wp/v2/pages/498.json]
[educationinclusivity.org/index5b8d5b8d.html]
[educationinclusivity.org/wp-json/oembed/1.0/embed38e038e0.json]
[educationinclusivity.org/wp-content/uploads/2024/01/10.jpg]
[educationinclusivity.org/wp-content/uploads/2024/01/12.jpg]
[educationinclusivity.org/wp-content/uploads/2024/01/13.jpg]
[educationinclusivity.org/wp-content/uploads/2024/01/15.jpg]
[educationinclusivity.org/wp-content/uploads/2024/01/2.jpg]
[educationinclusivity.org/wp-content/uploads/2024/01/3.jpg]
[educationinclusivity.org/wp-content/uploads/2024/01/4.jpg]
[educationinclusivity.org/wp-content/uploads/2024/01/16.jpg]
[educationinclusivity.org/wp-content/uploads/2024/01/17.jpg]
[educationinclusivity.org/wp-content/uploads/2024/01/9.jpg]
[educationinclusivity.org/photo-gallery/index.html]
[educationinclusivity.org/wp-content/uploads/elementor/css/post-1959c759c7.css]
[educationinclusivity.org/wp-json/wp/v2/pages/19.json]
[educationinclusivity.org/index58315831.html]
[educationinclusivity.org/wp-json/oembed/1.0/embed2b002b00.json]
[educationinclusivity.org/wp-content/plugins/elementor/assets/css/widget-icon-box.min.css]
[educationinclusivity.org/contact/index.html]
[educationinclusivity.org/wp-content/plugins/elementor/assets/lib/animations/animations.mina3bea3be.css]
[educationinclusivity.org/comments/feed/_https_/en.gravatar.com/__Gravatar_/a_.html]
[educationinclusivity.org/wp-content/plugins/elementor/assets/lib/eicons/fonts/eiconsd6bbd6bb.svg]
[educationinclusivity.org/wp-content/uploads/2023/03/stem_video_background.html]
[educationinclusivity.org/wp-content/uploads/2023/03/fd-97_371_52730373266_o.html]
[educationinclusivity.org/wp-content/uploads/2023/03/fd-97_298_52730850638_o.html]
[educationinclusivity.org/wp-content/uploads/2023/03/hands-typing-code-on-laptop.html]
[educationinclusivity.org/wp-content/uploads/2023/03/fd-97_234_52730775825_o.html]
[educationinclusivity.org/wp-content/uploads/2023/03/pared_small.html]
[educationinclusivity.org/wp-content/uploads/2023/03/science-examining-magnifiers.html]
[educationinclusivity.org/wp-content/uploads/2023/03/fd-97_176_52730842638_o.html]
[educationinclusivity.org/wp-content/uploads/2023/03/fd-97_012_52730762940_o.html]
[educationinclusivity.org/wp-content/uploads/2023/03/fd-97_426_52730860338_o.html]
[educationinclusivity.org/wp-content/plugins/elementskit-lite/widgets/init/assets/img/cross-out.svg]
[educationinclusivity.org/wp-content/plugins/elementor/assets/lib/font-awesome/webfonts/fa-brands-400.svg]
[educationinclusivity.org/wp-content/plugins/elementor/assets/lib/font-awesome/webfonts/fa-solid-900.svg]
[educationinclusivity.org/wp-content/plugins/elementor/assets/lib/font-awesome/webfonts/fa-regular-400.svg]
[educationinclusivity.org/wp-content/uploads/elementor/css/post-17da42da42.css]
[educationinclusivity.org/indexd8ebd8eb.html]
[educationinclusivity.org/wp-json/oembed/1.0/embed5b6d5b6d.html]
[educationinclusivity.org/wp-content/uploads/elementor/css/post-498fe03fe03.css]
[educationinclusivity.org/index5b8d5b8d.html]
[educationinclusivity.org/wp-json/oembed/1.0/embed18021802.html]
[educationinclusivity.org/wp-content/uploads/elementor/css/post-1959c759c7.css]
[educationinclusivity.org/index58315831.html]
[educationinclusivity.org/wp-json/oembed/1.0/embed43104310.html]
[educationinclusivity.org/wp-content/plugins/elementor/assets/css/widget-icon-box.min.css]
[educationinclusivity.org/xmlrpc0db00db0.html]
[educationinclusivity.org/wp-content/uploads/2023/04/jean-philippe-delberghe-660138-unsplash.html]
[educationinclusivity.org/wp-content/uploads/2023/03/fd-97_260_52730848218_o.html]
[educationinclusivity.org/wp-content/uploads/2023/04/modern-essentials-798265-unsplash.html]
[educationinclusivity.org/wp-content/uploads/2023/03/chapel_2.html]
